src/components/ui/Button.tsx(1,17): error TS1484: 'ButtonHTMLAttributes' is a type and must be imported using a type-only import when 'verbatimModuleSyntax' is enabled.
src/components/ui/Button.tsx(1,39): error TS1484: 'ReactNode' is a type and must be imported using a type-only import when 'verbatimModuleSyntax' is enabled.
src/components/ui/Card.tsx(1,17): error TS1484: 'ReactNode' is a type and must be imported using a type-only import when 'verbatimModuleSyntax' is enabled.
src/components/ui/Modal.tsx(1,28): error TS1484: 'ReactNode' is a type and must be imported using a type-only import when 'verbatimModuleSyntax' is enabled.
src/contexts/AuthContext.tsx(1,65): error TS1484: 'ReactNode' is a type and must be imported using a type-only import when 'verbatimModuleSyntax' is enabled.
src/contexts/AuthContext.tsx(2,10): error TS1484: 'User' is a type and must be imported using a type-only import when 'verbatimModuleSyntax' is enabled.
src/contexts/ThemeContext.tsx(1,65): error TS1484: 'ReactNode' is a type and must be imported using a type-only import when 'verbatimModuleSyntax' is enabled.
src/main.tsx(1,8): error TS6133: 'React' is declared but its value is never read.
src/services/attendance.service.ts(3,5): error TS1484: 'DashboardData' is a type and must be imported using a type-only import when 'verbatimModuleSyntax' is enabled.
src/services/attendance.service.ts(4,5): error TS1484: 'ReportsData' is a type and must be imported using a type-only import when 'verbatimModuleSyntax' is enabled.
src/services/attendance.service.ts(5,5): error TS1484: 'AttendanceLog' is a type and must be imported using a type-only import when 'verbatimModuleSyntax' is enabled.
src/services/attendance.service.ts(5,5): error TS6133: 'AttendanceLog' is declared but its value is never read.
src/services/attendance.service.ts(6,5): error TS1484: 'Subject' is a type and must be imported using a type-only import when 'verbatimModuleSyntax' is enabled.
src/services/attendance.service.ts(7,5): error TS1484: 'TimetableSchedule' is a type and must be imported using a type-only import when 'verbatimModuleSyntax' is enabled.
src/services/attendance.service.ts(8,5): error TS1484: 'Preferences' is a type and must be imported using a type-only import when 'verbatimModuleSyntax' is enabled.
src/services/attendance.service.ts(9,5): error TS1484: 'Deadline' is a type and must be imported using a type-only import when 'verbatimModuleSyntax' is enabled.
src/services/attendance.service.ts(10,5): error TS1484: 'Holiday' is a type and must be imported using a type-only import when 'verbatimModuleSyntax' is enabled.
src/services/auth.service.ts(2,10): error TS1484: 'User' is a type and must be imported using a type-only import when 'verbatimModuleSyntax' is enabled.
