src/pages/Courses.tsx(175,55): error TS2322: Type '"default"' is not assignable to type '"sm" | "md" | "lg" | undefined'.
